remote_write:
- url: http://example.com
  protobuf_message: io.prometheus.write.v2.Request
  send_native_histograms: true
  sigv4:
    region: us-central-0
    access_key: access-key
    secret_key: secret-key
    profile: profilename
    role_arn: arn:aws:iam::123456789012:instance-profile/prometheus
  round_robin_dns: true
