global:
  scrape_interval: ""
  external_labels:
    prometheus: default/test
    prometheus_replica: $(POD_NAME)
  evaluation_interval: ""
scrape_configs: []
alerting:
  alert_relabel_configs:
  - action: labeldrop
    regex: prometheus_replica
  alertmanagers:
  - path_prefix: /
    scheme: http
    kubernetes_sd_configs:
    - role: endpointslice
      namespaces:
        names:
        - default
    relabel_configs:
    - action: keep
      source_labels:
      - __meta_kubernetes_service_name
      regex: foo
    - action: keep
      source_labels:
      - __meta_kubernetes_endpointslice_port_name
      regex: web
