global:
  scrape_interval: 30s
  external_labels:
    prometheus: default/test
    prometheus_replica: $(POD_NAME)
  evaluation_interval: 30s
scrape_configs:
- job_name: scrapeConfig/default/testscrapeconfig1
  lightsail_sd_configs:
  - basic_auth:
      username: ""
      password: ""
    proxy_url: http://no-proxy.com
    no_proxy: 0.0.0.0
    proxy_from_environment: false
    proxy_connect_header:
      header:
      - value
    region: us-east-1
    endpoint: https://lightsail.us-east-1.amazonaws.com/
    refresh_interval: 30s
    follow_redirects: true
    enable_http2: true
  relabel_configs:
  - source_labels:
    - job
    target_label: __tmp_prometheus_job_name
