global:
  scrape_interval: 30s
  external_labels:
    prometheus: default/test
    prometheus_replica: $(POD_NAME)
  evaluation_interval: 30s
scrape_configs:
- job_name: scrapeConfig/default/testscrapeconfig1
  ionos_sd_configs:
  - authorization:
      type: Bearer
      credentials: 00000000-0000-0000-0000-000000000000
    tls_config:
      ca_file: /etc/prometheus/certs/0_default_tls_ca
      cert_file: /etc/prometheus/certs/0_default_tls_cert
      key_file: /etc/prometheus/certs/0_default_tls_private-key
    datacenter_id: 11111111-1111-1111-1111-111111111111
  relabel_configs:
  - source_labels:
    - job
    target_label: __tmp_prometheus_job_name
