tls_server_config:
  cert_file: /web_certs_path_prefix/secret/test-secret-cert/tls.crt
  key_file: /web_certs_path_prefix/secret/test-secret-key/tls.keySecret
  client_auth_type: RequireAnyClientCert
  client_ca_file: /web_certs_path_prefix/secret/test-secret-ca/tls.ca
  min_version: TLS11
  max_version: TLS13
  cipher_suites:
  - cipher-1
  - cipher-2
  prefer_server_cipher_suites: false
  curve_preferences:
  - curve-1
  - curve-2
