tls_server_config:
  key_file: /cluster_tls_certs_path_prefix/server_tls/secret/test-secret-key/tls.key
  cert_file: /cluster_tls_certs_path_prefix/server_tls/secret/test-secret-cert/tls.crt
tls_client_config:
  key_file: /cluster_tls_certs_path_prefix/client_tls/secret/test-secret-key/tls.KeySecret
  cert_file: /cluster_tls_certs_path_prefix/client_tls/secret/test-secret-cert/tls.crt
  ca_file: /cluster_tls_certs_path_prefix/client_tls/secret/test-secret-ca/tls.ca
  insecure_skip_verify: true
