tls_server_config:
  key_file: /cluster_tls_certs_path_prefix/server_tls/secret/test-secret-key/tls.key
  cert_file: /cluster_tls_certs_path_prefix/server_tls/configmap/test-configmap-cert/tls.crt
tls_client_config:
  key_file: /cluster_tls_certs_path_prefix/client_tls/secret/test-secret-key/tls.key
  cert_file: /cluster_tls_certs_path_prefix/client_tls/configmap/test-configmap-cert/tls.crt
  ca_file: /cluster_tls_certs_path_prefix/client_tls/secret/test-secret-ca/cert.pem
  insecure_skip_verify: true
