{
  "kind": "AdmissionReview",
  "apiVersion": "admission.k8s.io/v1",
  "request": {
    "uid": "87c5df7f-5090-11e9-b9b4-02425473f309",
    "kind": {
      "group": "monitoring.coreos.com",
      "version": "v1",
      "kind": "PrometheusRule"
    },
    "resource": {
      "group": "monitoring.coreos.com",
      "version": "v1",
      "resource": "prometheusrules"
    },
    "namespace": "monitoring",
    "operation": "CREATE",
    "userInfo": {
      "username": "kubernetes-admin",
      "groups": [
        "system:masters",
        "system:authenticated"
      ]
    },
    "object": {
      "apiVersion": "monitoring.coreos.com/v1",
      "kind": "PrometheusRule",
      "metadata": {
        "creationTimestamp": "2019-03-27T13:02:09Z",
        "generation": 1,
        "name": "test",
        "namespace": "monitoring",
        "uid": "87c5d31d-5090-11e9-b9b4-02425473f309"
      },
      "spec": {
        "groups": [
          {
            "name": "test.rules",
            "rules": [
              {
                "alert": "Test",
                "annotations": {
                  "message": "Test rule",
                  "val": "{{ print “%f“ $value }}"
                },
                "expr": "vector(1))",
                "for": "5m",
                "labels": {
                  "severity": "critical"
                }
              }
            ]
          }
        ]
      }
    },
    "oldObject": null,
    "dryRun": false
  }
}
