{
  "route": {
    "groupBy": [
      "job"
    ],
    "groupWait": "30s",
    "groupInterval": "5m",
    "repeatInterval": "12h",
    "receiver": "wechat-example"
  },
  "receivers": [
    {
      "name": "wechat-example",
      "wechatConfigs": [
        {
          "apiURL": "https://%<>wechatserver:8080/",
          "corpID": "wechat-corpid",
          "apiSecret": {
            "name": "wechat-config",
            "key": "apiSecret"
          }
        }
      ]
    }
  ]
}
