global:
  scrape_interval: 30s
  external_labels:
    prometheus: default/test
    prometheus_replica: $(POD_NAME)
  evaluation_interval: 30s
scrape_configs:
- job_name: scrapeConfig/default/testscrapeconfig1
  hetzner_sd_configs:
  - proxy_url: http://no-proxy.com
    no_proxy: 0.0.0.0
    proxy_from_environment: false
    proxy_connect_header:
      header:
      - value
    role: hcloud
    follow_redirects: true
    enable_http2: true
    port: 9100
    refresh_interval: 5m
    label_selector: label_value
  relabel_configs:
  - source_labels:
    - job
    target_label: __tmp_prometheus_job_name
