global:
  slack_api_url: http://slack.example.com
route:
  receiver: "null"
  routes:
  - receiver: mynamespace/myamc/test
    matchers:
    - namespace="mynamespace"
    continue: true
receivers:
- name: "null"
- name: mynamespace/myamc/test
  slack_configs:
  - message_text: test message text
templates: []
