route:
  receiver: "null"
  routes:
  - receiver: mynamespace/myamc/test
    matchers:
    - namespace="mynamespace"
    continue: true
receivers:
- name: "null"
- name: mynamespace/myamc/test
  telegram_configs:
  - api_url: https://api.telegram.org
    bot_token: bipbop
    chat_id: 12345
templates: []
