route:
  receiver: "null"
  routes:
  - receiver: mynamespace/myamc/test
    matchers:
    - namespace="mynamespace"
    continue: true
receivers:
- name: "null"
- name: mynamespace/myamc/test
  sns_configs:
  - api_url: https://sns.us-east-2.amazonaws.com
    sigv4:
      region: us-east-2
      role_arn: test-roleARN
    topic_arn: test-topicARN
templates: []
