global:
  smtp_from: admin@globaltest.com
  smtp_smarthost: smtp.example.org:587
route:
  receiver: "null"
  routes:
  - receiver: mynamespace/myamc/test
    matchers:
    - namespace="mynamespace"
    continue: true
receivers:
- name: "null"
- name: mynamespace/myamc/test
  victoropps_configs:
  - apiURL: https://example.com/
templates: []
