global:
  wechat_api_url: https://wechat.example.com
  wechat_api_secret: mywechatsecret
  wechat_api_corp_id: mywechatcorpid
route:
  receiver: mynamespace/global-config/null
  routes:
  - receiver: mynamespace/global-config/myreceiver
    matchers:
    - mykey="myvalue"
    - mykey1="myvalue1"
receivers:
- name: mynamespace/global-config/null
- name: mynamespace/global-config/myreceiver
templates: []
