global:
  pagerduty_url: example.pagerduty.com
route:
  receiver: mynamespace/global-config/null
  routes:
  - receiver: mynamespace/global-config/myreceiver
    matchers:
    - mykey="myvalue"
receivers:
- name: mynamespace/global-config/null
- name: mynamespace/global-config/myreceiver
templates: []
