global:
  smtp_from: from
  smtp_hello: smtp.example.org
  smtp_smarthost: smtp.example.org:587
  smtp_auth_username: dev@smtp.example.org
  smtp_auth_password: password
  smtp_auth_secret: secret
  smtp_auth_identity: dev@smtp.example.org
  smtp_require_tls: true
  smtp_tls_config:
    insecure_skip_verify: true
    min_version: TLS12
    max_version: TLS13
route:
  receiver: mynamespace/global-config/null
  routes:
  - receiver: mynamespace/global-config/myreceiver
    match:
      mykey: myvalue
receivers:
- name: mynamespace/global-config/null
- name: mynamespace/global-config/myreceiver
  email_configs:
  - send_resolved: true
    to: b
    from: a
    smarthost: abc:1234
    auth_username: foo
templates: []
