global:
  telegram_bot_token: telegrambottoken123
route:
  receiver: mynamespace/global-config/null
  routes:
  - receiver: mynamespace/global-config/myreceiver
    matchers:
    - mykey="myvalue"
    - mykey1="myvalue1"
receivers:
- name: mynamespace/global-config/null
- name: mynamespace/global-config/myreceiver
templates: []
